User_Ip_Usart.c:16:23:User_Ip_Usart_SetBaudrate	32	static
User_Ip_Usart.c:34:13:User_Ip_Usart_SetParityMode	24	static
User_Ip_Usart.c:50:13:User_Ip_Usart_SetStopBitCount	16	static
User_Ip_Usart.c:56:6:User_Ip_Usart_DeInit	24	static
User_Ip_Usart.c:85:6:User_Ip_Usart_Init	32	static
User_Ip_Usart.c:116:36:User_Ip_Usart_GetBuffer	24	static
User_Ip_Usart.c:140:16:User_Ip_Usart_FindByte	24	static
User_Ip_Usart.c:178:16:User_Ip_Usart_DeleteRxData	24	static
User_Ip_Usart.c:209:16:User_Ip_Usart_ReadByte	24	static
User_Ip_Usart.c:231:20:User_Ip_Usart_PutChar	16	static
User_Ip_Usart.c:236:20:User_Ip_Usart_StartAsyncTransmit	16	static
User_Ip_Usart.c:241:20:User_Ip_Usart_StopAsyncTransmit	16	static
User_Ip_Usart.c:247:16:User_Ip_Usart_WriteBuffer	32	static
User_Ip_Usart.c:298:20:User_Ip_Usart_TransmitBuffer	24	static
User_Ip_Usart.c:323:16:User_Ip_Usart_ReadBuffer	32	static
User_Ip_Usart.c:369:23:User_Ip_Usart_GetChar	16	static
User_Ip_Usart.c:374:13:User_Ip_Usart_ReceiveBuffer	24	static
User_Ip_Usart.c:406:13:User_Ip_Usart_IrqHandler	24	static
User_Ip_Usart.c:442:6:USART1_IRQHandler	8	static
User_Ip_Usart.c:447:6:USART2_IRQHandler	8	static
User_Ip_Usart.c:452:6:USART3_IRQHandler	8	static
