Archive member included to satisfy reference by file (symbol)

c:/st/stm32cubeide_1.3.0/stm32cubeide/plugins/com.st.stm32cube.ide.mcu.externaltools.gnu-tools-for-stm32.7-2018-q2-update.win32_1.0.0.201904181610/tools/bin/../lib/gcc/arm-none-eabi/7.3.1/../../../../arm-none-eabi/lib/thumb/v7-m\libc_nano.a(lib_a-errno.o)
                              Core/Src/syscalls.o (__errno)
c:/st/stm32cubeide_1.3.0/stm32cubeide/plugins/com.st.stm32cube.ide.mcu.externaltools.gnu-tools-for-stm32.7-2018-q2-update.win32_1.0.0.201904181610/tools/bin/../lib/gcc/arm-none-eabi/7.3.1/../../../../arm-none-eabi/lib/thumb/v7-m\libc_nano.a(lib_a-exit.o)
                              c:/st/stm32cubeide_1.3.0/stm32cubeide/plugins/com.st.stm32cube.ide.mcu.externaltools.gnu-tools-for-stm32.7-2018-q2-update.win32_1.0.0.201904181610/tools/bin/../lib/gcc/arm-none-eabi/7.3.1/../../../../arm-none-eabi/lib/thumb/v7-m/crt0.o (exit)
c:/st/stm32cubeide_1.3.0/stm32cubeide/plugins/com.st.stm32cube.ide.mcu.externaltools.gnu-tools-for-stm32.7-2018-q2-update.win32_1.0.0.201904181610/tools/bin/../lib/gcc/arm-none-eabi/7.3.1/../../../../arm-none-eabi/lib/thumb/v7-m\libc_nano.a(lib_a-impure.o)
                              c:/st/stm32cubeide_1.3.0/stm32cubeide/plugins/com.st.stm32cube.ide.mcu.externaltools.gnu-tools-for-stm32.7-2018-q2-update.win32_1.0.0.201904181610/tools/bin/../lib/gcc/arm-none-eabi/7.3.1/../../../../arm-none-eabi/lib/thumb/v7-m\libc_nano.a(lib_a-exit.o) (_global_impure_ptr)
c:/st/stm32cubeide_1.3.0/stm32cubeide/plugins/com.st.stm32cube.ide.mcu.externaltools.gnu-tools-for-stm32.7-2018-q2-update.win32_1.0.0.201904181610/tools/bin/../lib/gcc/arm-none-eabi/7.3.1/../../../../arm-none-eabi/lib/thumb/v7-m\libc_nano.a(lib_a-init.o)
                              c:/st/stm32cubeide_1.3.0/stm32cubeide/plugins/com.st.stm32cube.ide.mcu.externaltools.gnu-tools-for-stm32.7-2018-q2-update.win32_1.0.0.201904181610/tools/bin/../lib/gcc/arm-none-eabi/7.3.1/../../../../arm-none-eabi/lib/thumb/v7-m/crt0.o (__libc_init_array)
c:/st/stm32cubeide_1.3.0/stm32cubeide/plugins/com.st.stm32cube.ide.mcu.externaltools.gnu-tools-for-stm32.7-2018-q2-update.win32_1.0.0.201904181610/tools/bin/../lib/gcc/arm-none-eabi/7.3.1/../../../../arm-none-eabi/lib/thumb/v7-m\libc_nano.a(lib_a-memset.o)
                              c:/st/stm32cubeide_1.3.0/stm32cubeide/plugins/com.st.stm32cube.ide.mcu.externaltools.gnu-tools-for-stm32.7-2018-q2-update.win32_1.0.0.201904181610/tools/bin/../lib/gcc/arm-none-eabi/7.3.1/../../../../arm-none-eabi/lib/thumb/v7-m/crt0.o (memset)

Allocating common symbols
Common symbol       size              file

uwTick              0x4               Drivers/STM32F1xx_HAL_Driver/Src/stm32f1xx_hal.o
pFlash              0x20              Drivers/STM32F1xx_HAL_Driver/Src/stm32f1xx_hal_flash.o

Discarded input sections

 .text          0x0000000000000000        0x0 c:/st/stm32cubeide_1.3.0/stm32cubeide/plugins/com.st.stm32cube.ide.mcu.externaltools.gnu-tools-for-stm32.7-2018-q2-update.win32_1.0.0.201904181610/tools/bin/../lib/gcc/arm-none-eabi/7.3.1/thumb/v7-m/crti.o
 .data          0x0000000000000000        0x0 c:/st/stm32cubeide_1.3.0/stm32cubeide/plugins/com.st.stm32cube.ide.mcu.externaltools.gnu-tools-for-stm32.7-2018-q2-update.win32_1.0.0.201904181610/tools/bin/../lib/gcc/arm-none-eabi/7.3.1/thumb/v7-m/crti.o
 .bss           0x0000000000000000        0x0 c:/st/stm32cubeide_1.3.0/stm32cubeide/plugins/com.st.stm32cube.ide.mcu.externaltools.gnu-tools-for-stm32.7-2018-q2-update.win32_1.0.0.201904181610/tools/bin/../lib/gcc/arm-none-eabi/7.3.1/thumb/v7-m/crti.o
 .data          0x0000000000000000        0x4 c:/st/stm32cubeide_1.3.0/stm32cubeide/plugins/com.st.stm32cube.ide.mcu.externaltools.gnu-tools-for-stm32.7-2018-q2-update.win32_1.0.0.201904181610/tools/bin/../lib/gcc/arm-none-eabi/7.3.1/thumb/v7-m/crtbegin.o
 .text          0x0000000000000000       0x74 c:/st/stm32cubeide_1.3.0/stm32cubeide/plugins/com.st.stm32cube.ide.mcu.externaltools.gnu-tools-for-stm32.7-2018-q2-update.win32_1.0.0.201904181610/tools/bin/../lib/gcc/arm-none-eabi/7.3.1/../../../../arm-none-eabi/lib/thumb/v7-m/crt0.o
 .data          0x0000000000000000        0x0 c:/st/stm32cubeide_1.3.0/stm32cubeide/plugins/com.st.stm32cube.ide.mcu.externaltools.gnu-tools-for-stm32.7-2018-q2-update.win32_1.0.0.201904181610/tools/bin/../lib/gcc/arm-none-eabi/7.3.1/../../../../arm-none-eabi/lib/thumb/v7-m/crt0.o
 .bss           0x0000000000000000        0x0 c:/st/stm32cubeide_1.3.0/stm32cubeide/plugins/com.st.stm32cube.ide.mcu.externaltools.gnu-tools-for-stm32.7-2018-q2-update.win32_1.0.0.201904181610/tools/bin/../lib/gcc/arm-none-eabi/7.3.1/../../../../arm-none-eabi/lib/thumb/v7-m/crt0.o
 .ARM.extab     0x0000000000000000        0x0 c:/st/stm32cubeide_1.3.0/stm32cubeide/plugins/com.st.stm32cube.ide.mcu.externaltools.gnu-tools-for-stm32.7-2018-q2-update.win32_1.0.0.201904181610/tools/bin/../lib/gcc/arm-none-eabi/7.3.1/../../../../arm-none-eabi/lib/thumb/v7-m/crt0.o
[...]
Memory Configuration

Name             Origin             Length             Attributes
RAM              0x0000000020000000 0x0000000000010000 xrw
FLASH            0x0000000008000000 0x0000000000080000 xr
*default*        0x0000000000000000 0xffffffffffffffff

Linker script and memory map

LOAD c:/st/stm32cubeide_1.3.0/stm32cubeide/plugins/com.st.stm32cube.ide.mcu.externaltools.gnu-tools-for-stm32.7-2018-q2-update.win32_1.0.0.201904181610/tools/bin/../lib/gcc/arm-none-eabi/7.3.1/thumb/v7-m/crti.o
LOAD c:/st/stm32cubeide_1.3.0/stm32cubeide/plugins/com.st.stm32cube.ide.mcu.externaltools.gnu-tools-for-stm32.7-2018-q2-update.win32_1.0.0.201904181610/tools/bin/../lib/gcc/arm-none-eabi/7.3.1/thumb/v7-m/crtbegin.o
LOAD c:/st/stm32cubeide_1.3.0/stm32cubeide/plugins/com.st.stm32cube.ide.mcu.externaltools.gnu-tools-for-stm32.7-2018-q2-update.win32_1.0.0.201904181610/tools/bin/../lib/gcc/arm-none-eabi/7.3.1/../../../../arm-none-eabi/lib/thumb/v7-m/crt0.o
LOAD Core/Src/gpio.o
LOAD Core/Src/main.o
LOAD Core/Src/stm32f1xx_hal_msp.o
LOAD Core/Src/stm32f1xx_it.o
LOAD Core/Src/syscalls.o
LOAD Core/Src/sysmem.o
LOAD Core/Src/system_stm32f1xx.o
LOAD Core/Startup/startup_stm32f103retx.o
LOAD Drivers/ITC/Module/User_Uart/User_Uart.o
LOAD Drivers/ITC/Module/User_Uart/User_Uart_Ipw.o
LOAD Drivers/ITC/Module/User_Uart/cfg/User_Uart_Cfg.o
LOAD Drivers/ITC/Module/User_Uart/ip/usart/User_Ip_Usart.o
LOAD Drivers/ITC/Module/User_Uart/protocol/slip/User_Slip.o
LOAD Drivers/STM32F1xx_HAL_Driver/Src/stm32f1xx_hal.o
LOAD Drivers/STM32F1xx_HAL_Driver/Src/stm32f1xx_hal_cortex.o
LOAD Drivers/STM32F1xx_HAL_Driver/Src/stm32f1xx_hal_dma.o
LOAD Drivers/STM32F1xx_HAL_Driver/Src/stm32f1xx_hal_exti.o
LOAD Drivers/STM32F1xx_HAL_Driver/Src/stm32f1xx_hal_flash.o
LOAD Drivers/STM32F1xx_HAL_Driver/Src/stm32f1xx_hal_flash_ex.o
LOAD Drivers/STM32F1xx_HAL_Driver/Src/stm32f1xx_hal_gpio.o
LOAD Drivers/STM32F1xx_HAL_Driver/Src/stm32f1xx_hal_gpio_ex.o
LOAD Drivers/STM32F1xx_HAL_Driver/Src/stm32f1xx_hal_pwr.o
LOAD Drivers/STM32F1xx_HAL_Driver/Src/stm32f1xx_hal_rcc.o
LOAD Drivers/STM32F1xx_HAL_Driver/Src/stm32f1xx_hal_rcc_ex.o
LOAD Drivers/STM32F1xx_HAL_Driver/Src/stm32f1xx_hal_tim.o
LOAD Drivers/STM32F1xx_HAL_Driver/Src/stm32f1xx_hal_tim_ex.o
START GROUP
LOAD c:/st/stm32cubeide_1.3.0/stm32cubeide/plugins/com.st.stm32cube.ide.mcu.externaltools.gnu-tools-for-stm32.7-2018-q2-update.win32_1.0.0.201904181610/tools/bin/../lib/gcc/arm-none-eabi/7.3.1/../../../../arm-none-eabi/lib/thumb/v7-m\libc_nano.a
LOAD c:/st/stm32cubeide_1.3.0/stm32cubeide/plugins/com.st.stm32cube.ide.mcu.externaltools.gnu-tools-for-stm32.7-2018-q2-update.win32_1.0.0.201904181610/tools/bin/../lib/gcc/arm-none-eabi/7.3.1/../../../../arm-none-eabi/lib/thumb/v7-m\libm.a
END GROUP
START GROUP
LOAD c:/st/stm32cubeide_1.3.0/stm32cubeide/plugins/com.st.stm32cube.ide.mcu.externaltools.gnu-tools-for-stm32.7-2018-q2-update.win32_1.0.0.201904181610/tools/bin/../lib/gcc/arm-none-eabi/7.3.1/thumb/v7-m\libgcc.a
LOAD c:/st/stm32cubeide_1.3.0/stm32cubeide/plugins/com.st.stm32cube.ide.mcu.externaltools.gnu-tools-for-stm32.7-2018-q2-update.win32_1.0.0.201904181610/tools/bin/../lib/gcc/arm-none-eabi/7.3.1/../../../../arm-none-eabi/lib/thumb/v7-m\libc_nano.a
END GROUP
START GROUP
LOAD c:/st/stm32cubeide_1.3.0/stm32cubeide/plugins/com.st.stm32cube.ide.mcu.externaltools.gnu-tools-for-stm32.7-2018-q2-update.win32_1.0.0.201904181610/tools/bin/../lib/gcc/arm-none-eabi/7.3.1/thumb/v7-m\libgcc.a
LOAD c:/st/stm32cubeide_1.3.0/stm32cubeide/plugins/com.st.stm32cube.ide.mcu.externaltools.gnu-tools-for-stm32.7-2018-q2-update.win32_1.0.0.201904181610/tools/bin/../lib/gcc/arm-none-eabi/7.3.1/../../../../arm-none-eabi/lib/thumb/v7-m\libc_nano.a
LOAD c:/st/stm32cubeide_1.3.0/stm32cubeide/plugins/com.st.stm32cube.ide.mcu.externaltools.gnu-tools-for-stm32.7-2018-q2-update.win32_1.0.0.201904181610/tools/bin/../lib/gcc/arm-none-eabi/7.3.1/../../../../arm-none-eabi/lib/thumb/v7-m\libnosys.a
END GROUP
START GROUP
LOAD c:/st/stm32cubeide_1.3.0/stm32cubeide/plugins/com.st.stm32cube.ide.mcu.externaltools.gnu-tools-for-stm32.7-2018-q2-update.win32_1.0.0.201904181610/tools/bin/../lib/gcc/arm-none-eabi/7.3.1/thumb/v7-m\libgcc.a
LOAD c:/st/stm32cubeide_1.3.0/stm32cubeide/plugins/com.st.stm32cube.ide.mcu.externaltools.gnu-tools-for-stm32.7-2018-q2-update.win32_1.0.0.201904181610/tools/bin/../lib/gcc/arm-none-eabi/7.3.1/../../../../arm-none-eabi/lib/thumb/v7-m\libc_nano.a
LOAD c:/st/stm32cubeide_1.3.0/stm32cubeide/plugins/com.st.stm32cube.ide.mcu.externaltools.gnu-tools-for-stm32.7-2018-q2-update.win32_1.0.0.201904181610/tools/bin/../lib/gcc/arm-none-eabi/7.3.1/../../../../arm-none-eabi/lib/thumb/v7-m\libnosys.a
END GROUP
LOAD c:/st/stm32cubeide_1.3.0/stm32cubeide/plugins/com.st.stm32cube.ide.mcu.externaltools.gnu-tools-for-stm32.7-2018-q2-update.win32_1.0.0.201904181610/tools/bin/../lib/gcc/arm-none-eabi/7.3.1/thumb/v7-m/crtend.o
LOAD c:/st/stm32cubeide_1.3.0/stm32cubeide/plugins/com.st.stm32cube.ide.mcu.externaltools.gnu-tools-for-stm32.7-2018-q2-update.win32_1.0.0.201904181610/tools/bin/../lib/gcc/arm-none-eabi/7.3.1/thumb/v7-m/crtn.o
                0x0000000020010000                _estack = (ORIGIN (RAM) + LENGTH (RAM))
                0x0000000000000200                _Min_Heap_Size = 0x200
                0x0000000000000400                _Min_Stack_Size = 0x400

.isr_vector     0x0000000008000000      0x1e4
                0x0000000008000000                . = ALIGN (0x4)
 *(.isr_vector)
 .isr_vector    0x0000000008000000      0x1e4 Core/Startup/startup_stm32f103retx.o
                0x0000000008000000                g_pfnVectors
                0x00000000080001e4                . = ALIGN (0x4)

.text           0x00000000080001e4     0x1a24
                0x00000000080001e4                . = ALIGN (0x4)
 *(.text)
 .text          0x00000000080001e4       0x40 c:/st/stm32cubeide_1.3.0/stm32cubeide/plugins/com.st.stm32cube.ide.mcu.externaltools.gnu-tools-for-stm32.7-2018-q2-update.win32_1.0.0.201904181610/tools/bin/../lib/gcc/arm-none-eabi/7.3.1/thumb/v7-m/crtbegin.o
 *(.text*)
 .text.MX_GPIO_Init
                0x0000000008000224       0x88 Core/Src/gpio.o
                0x0000000008000224                MX_GPIO_Init
 .text.main     0x00000000080002ac       0x30 Core/Src/main.o
                0x00000000080002ac                main
 .text.SystemClock_Config
                0x00000000080002dc       0x8a Core/Src/main.o
                0x00000000080002dc                SystemClock_Config
 .text.Error_Handler
                0x0000000008000366        0xc Core/Src/main.o
                0x0000000008000366                Error_Handler
 *fill*         0x0000000008000372        0x2 
 .text.HAL_MspInit
                0x0000000008000374       0x44 Core/Src/stm32f1xx_hal_msp.o
                0x0000000008000374                HAL_MspInit
 .text.NMI_Handler
                0x00000000080003b8        0xc Core/Src/stm32f1xx_it.o
                0x00000000080003b8                NMI_Handler
 .text.HardFault_Handler
                0x00000000080003c4        0xc Core/Src/stm32f1xx_it.o
                0x00000000080003c4                HardFault_Handler
 .text.MemManage_Handler
                0x00000000080003d0        0x6 Core/Src/stm32f1xx_it.o
                0x00000000080003d0                MemManage_Handler
 .text.BusFault_Handler
                0x00000000080003d6        0x6 Core/Src/stm32f1xx_it.o
                0x00000000080003d6                BusFault_Handler
 .text.UsageFault_Handler
                0x00000000080003dc        0x6 Core/Src/stm32f1xx_it.o
                0x00000000080003dc                UsageFault_Handler
 .text.SVC_Handler
                0x00000000080003e2        0xc Core/Src/stm32f1xx_it.o
                0x00000000080003e2                SVC_Handler
 .text.DebugMon_Handler
                0x00000000080003ee        0xc Core/Src/stm32f1xx_it.o
                0x00000000080003ee                DebugMon_Handler
 .text.PendSV_Handler
                0x00000000080003fa        0xc Core/Src/stm32f1xx_it.o
                0x00000000080003fa                PendSV_Handler
 .text.SysTick_Handler
                0x0000000008000406        0xc Core/Src/stm32f1xx_it.o
                0x0000000008000406                SysTick_Handler
 *fill*         0x0000000008000412        0x2 
 .text.SystemInit
                0x0000000008000414       0x68 Core/Src/system_stm32f1xx.o
                0x0000000008000414                SystemInit
 .text.Reset_Handler
                0x000000000800047c       0x48 Core/Startup/startup_stm32f103retx.o
                0x000000000800047c                Reset_Handler
 .text.Default_Handler
                0x00000000080004c4        0x2 Core/Startup/startup_stm32f103retx.o
                0x00000000080004c4                RTC_Alarm_IRQHandler
                0x00000000080004c4                EXTI2_IRQHandler
                0x00000000080004c4                TIM8_TRG_COM_IRQHandler
                0x00000000080004c4                TIM8_CC_IRQHandler
                0x00000000080004c4                TIM1_CC_IRQHandler
                0x00000000080004c4                TIM6_IRQHandler
                0x00000000080004c4                PVD_IRQHandler
                0x00000000080004c4                SDIO_IRQHandler
                0x00000000080004c4                EXTI3_IRQHandler
                0x00000000080004c4                EXTI0_IRQHandler
                0x00000000080004c4                I2C2_EV_IRQHandler
                0x00000000080004c4                ADC1_2_IRQHandler
                0x00000000080004c4                SPI1_IRQHandler
                0x00000000080004c4                TAMPER_IRQHandler
                0x00000000080004c4                TIM8_UP_IRQHandler
                0x00000000080004c4                DMA2_Channel2_IRQHandler
                0x00000000080004c4                DMA1_Channel4_IRQHandler
                0x00000000080004c4                RTC_IRQHandler
                0x00000000080004c4                DMA1_Channel7_IRQHandler
                0x00000000080004c4                CAN1_RX1_IRQHandler
                0x00000000080004c4                UART5_IRQHandler
                0x00000000080004c4                ADC3_IRQHandler
                0x00000000080004c4                TIM4_IRQHandler
                0x00000000080004c4                DMA2_Channel1_IRQHandler
                0x00000000080004c4                I2C1_EV_IRQHandler
                0x00000000080004c4                DMA1_Channel6_IRQHandler
                0x00000000080004c4                UART4_IRQHandler
                0x00000000080004c4                TIM3_IRQHandler
                0x00000000080004c4                RCC_IRQHandler
                0x00000000080004c4                TIM1_TRG_COM_IRQHandler
                0x00000000080004c4                DMA1_Channel1_IRQHandler
                0x00000000080004c4                Default_Handler
                0x00000000080004c4                EXTI15_10_IRQHandler
                0x00000000080004c4                TIM7_IRQHandler
                0x00000000080004c4                TIM5_IRQHandler
                0x00000000080004c4                EXTI9_5_IRQHandler
                0x00000000080004c4                SPI2_IRQHandler
                0x00000000080004c4                DMA1_Channel5_IRQHandler
                0x00000000080004c4                EXTI4_IRQHandler
                0x00000000080004c4                USB_LP_CAN1_RX0_IRQHandler
                0x00000000080004c4                USB_HP_CAN1_TX_IRQHandler
                0x00000000080004c4                DMA1_Channel3_IRQHandler
                0x00000000080004c4                FSMC_IRQHandler
                0x00000000080004c4                TIM1_UP_IRQHandler
                0x00000000080004c4                WWDG_IRQHandler
                0x00000000080004c4                TIM2_IRQHandler
                0x00000000080004c4                TIM1_BRK_IRQHandler
                0x00000000080004c4                EXTI1_IRQHandler
                0x00000000080004c4                DMA2_Channel4_5_IRQHandler
                0x00000000080004c4                I2C2_ER_IRQHandler
                0x00000000080004c4                DMA1_Channel2_IRQHandler
                0x00000000080004c4                TIM8_BRK_IRQHandler
                0x00000000080004c4                CAN1_SCE_IRQHandler
                0x00000000080004c4                FLASH_IRQHandler
                0x00000000080004c4                SPI3_IRQHandler
                0x00000000080004c4                I2C1_ER_IRQHandler
                0x00000000080004c4                USBWakeUp_IRQHandler
                0x00000000080004c4                DMA2_Channel3_IRQHandler
 *fill*         0x00000000080004c6        0x2 
 .text.User_Uart_Init
                0x00000000080004c8       0xa0 Drivers/ITC/Module/User_Uart/User_Uart.o
                0x00000000080004c8                User_Uart_Init
 .text.User_Uart_AsyncTransmit
                0x0000000008000568       0xb0 Drivers/ITC/Module/User_Uart/User_Uart.o
                0x0000000008000568                User_Uart_AsyncTransmit
 .text.User_Uart_Ipw_Init
                0x0000000008000618       0x32 Drivers/ITC/Module/User_Uart/User_Uart_Ipw.o
                0x0000000008000618                User_Uart_Ipw_Init
 .text.User_Uart_Ipw_AsyncTransmit
                0x000000000800064a       0x46 Drivers/ITC/Module/User_Uart/User_Uart_Ipw.o
                0x000000000800064a                User_Uart_Ipw_AsyncTransmit
 .text.User_Ip_Usart_SetBaudrate
                0x0000000008000690       0x5e Drivers/ITC/Module/User_Uart/ip/usart/User_Ip_Usart.o
 .text.User_Ip_Usart_SetParityMode
                0x00000000080006ee       0x4e Drivers/ITC/Module/User_Uart/ip/usart/User_Ip_Usart.o
 .text.User_Ip_Usart_SetStopBitCount
                0x000000000800073c       0x34 Drivers/ITC/Module/User_Uart/ip/usart/User_Ip_Usart.o
 .text.User_Ip_Usart_DeInit
                0x0000000008000770       0xa0 Drivers/ITC/Module/User_Uart/ip/usart/User_Ip_Usart.o
                0x0000000008000770                User_Ip_Usart_DeInit
 .text.User_Ip_Usart_Init
                0x0000000008000810       0xe0 Drivers/ITC/Module/User_Uart/ip/usart/User_Ip_Usart.o
                0x0000000008000810                User_Ip_Usart_Init
 .text.User_Ip_Usart_GetBuffer
                0x00000000080008f0       0x4c Drivers/ITC/Module/User_Uart/ip/usart/User_Ip_Usart.o
 .text.User_Ip_Usart_PutChar
                0x000000000800093c       0x1c Drivers/ITC/Module/User_Uart/ip/usart/User_Ip_Usart.o
 .text.User_Ip_Usart_StartAsyncTransmit
                0x0000000008000958       0x1e Drivers/ITC/Module/User_Uart/ip/usart/User_Ip_Usart.o
 .text.User_Ip_Usart_StopAsyncTransmit
                0x0000000008000976       0x1e Drivers/ITC/Module/User_Uart/ip/usart/User_Ip_Usart.o
 .text.User_Ip_Usart_WriteBuffer
                0x0000000008000994      0x118 Drivers/ITC/Module/User_Uart/ip/usart/User_Ip_Usart.o
                0x0000000008000994                User_Ip_Usart_WriteBuffer
 .text.User_Ip_Usart_TransmitBuffer
                0x0000000008000aac       0x88 Drivers/ITC/Module/User_Uart/ip/usart/User_Ip_Usart.o
 .text.User_Ip_Usart_GetChar
                0x0000000008000b34       0x18 Drivers/ITC/Module/User_Uart/ip/usart/User_Ip_Usart.o
 .text.User_Ip_Usart_ReceiveBuffer
                0x0000000008000b4c       0xb2 Drivers/ITC/Module/User_Uart/ip/usart/User_Ip_Usart.o
 *fill*         0x0000000008000bfe        0x2 
 .text.User_Ip_Usart_IrqHandler
                0x0000000008000c00       0x6c Drivers/ITC/Module/User_Uart/ip/usart/User_Ip_Usart.o
 .text.USART1_IRQHandler
                0x0000000008000c6c        0xe Drivers/ITC/Module/User_Uart/ip/usart/User_Ip_Usart.o
                0x0000000008000c6c                USART1_IRQHandler
 .text.USART2_IRQHandler
                0x0000000008000c7a        0xe Drivers/ITC/Module/User_Uart/ip/usart/User_Ip_Usart.o
                0x0000000008000c7a                USART2_IRQHandler
 .text.USART3_IRQHandler
                0x0000000008000c88        0xe Drivers/ITC/Module/User_Uart/ip/usart/User_Ip_Usart.o
                0x0000000008000c88                USART3_IRQHandler
 *fill*         0x0000000008000c96        0x2 
 .text.User_Slip_SendFrame
                0x0000000008000c98      0x134 Drivers/ITC/Module/User_Uart/protocol/slip/User_Slip.o
                0x0000000008000c98                User_Slip_SendFrame
 .text.HAL_Init
                0x0000000008000dcc       0x2c Drivers/STM32F1xx_HAL_Driver/Src/stm32f1xx_hal.o
                0x0000000008000dcc                HAL_Init
 .text.HAL_InitTick
                0x0000000008000df8       0x60 Drivers/STM32F1xx_HAL_Driver/Src/stm32f1xx_hal.o
                0x0000000008000df8                HAL_InitTick
 .text.HAL_IncTick
                0x0000000008000e58       0x24 Drivers/STM32F1xx_HAL_Driver/Src/stm32f1xx_hal.o
                0x0000000008000e58                HAL_IncTick
 .text.HAL_GetTick
                0x0000000008000e7c       0x14 Drivers/STM32F1xx_HAL_Driver/Src/stm32f1xx_hal.o
                0x0000000008000e7c                HAL_GetTick
 .text.HAL_Delay
                0x0000000008000e90       0x44 Drivers/STM32F1xx_HAL_Driver/Src/stm32f1xx_hal.o
                0x0000000008000e90                HAL_Delay
 .text.__NVIC_SetPriorityGrouping
                0x0000000008000ed4       0x48 Drivers/STM32F1xx_HAL_Driver/Src/stm32f1xx_hal_cortex.o
 .text.__NVIC_GetPriorityGrouping
                0x0000000008000f1c       0x1c Drivers/STM32F1xx_HAL_Driver/Src/stm32f1xx_hal_cortex.o
 .text.__NVIC_EnableIRQ
                0x0000000008000f38       0x38 Drivers/STM32F1xx_HAL_Driver/Src/stm32f1xx_hal_cortex.o
 .text.__NVIC_SetPriority
                0x0000000008000f70       0x54 Drivers/STM32F1xx_HAL_Driver/Src/stm32f1xx_hal_cortex.o
 .text.NVIC_EncodePriority
                0x0000000008000fc4       0x64 Drivers/STM32F1xx_HAL_Driver/Src/stm32f1xx_hal_cortex.o
 .text.SysTick_Config
                0x0000000008001028       0x44 Drivers/STM32F1xx_HAL_Driver/Src/stm32f1xx_hal_cortex.o
 .text.HAL_NVIC_SetPriorityGrouping
                0x000000000800106c       0x16 Drivers/STM32F1xx_HAL_Driver/Src/stm32f1xx_hal_cortex.o
                0x000000000800106c                HAL_NVIC_SetPriorityGrouping
 .text.HAL_NVIC_SetPriority
                0x0000000008001082       0x38 Drivers/STM32F1xx_HAL_Driver/Src/stm32f1xx_hal_cortex.o
                0x0000000008001082                HAL_NVIC_SetPriority
 .text.HAL_NVIC_EnableIRQ
                0x00000000080010ba       0x1c Drivers/STM32F1xx_HAL_Driver/Src/stm32f1xx_hal_cortex.o
                0x00000000080010ba                HAL_NVIC_EnableIRQ
 .text.HAL_SYSTICK_Config
                0x00000000080010d6       0x18 Drivers/STM32F1xx_HAL_Driver/Src/stm32f1xx_hal_cortex.o
                0x00000000080010d6                HAL_SYSTICK_Config
 *fill*         0x00000000080010ee        0x2 
 .text.HAL_GPIO_Init
                0x00000000080010f0      0x2d4 Drivers/STM32F1xx_HAL_Driver/Src/stm32f1xx_hal_gpio.o
                0x00000000080010f0                HAL_GPIO_Init
 .text.HAL_RCC_OscConfig
                0x00000000080013c4      0x500 Drivers/STM32F1xx_HAL_Driver/Src/stm32f1xx_hal_rcc.o
                0x00000000080013c4                HAL_RCC_OscConfig
 .text.HAL_RCC_ClockConfig
                0x00000000080018c4      0x1d4 Drivers/STM32F1xx_HAL_Driver/Src/stm32f1xx_hal_rcc.o
                0x00000000080018c4                HAL_RCC_ClockConfig
 .text.HAL_RCC_GetSysClockFreq
                0x0000000008001a98       0xc4 Drivers/STM32F1xx_HAL_Driver/Src/stm32f1xx_hal_rcc.o
                0x0000000008001a98                HAL_RCC_GetSysClockFreq
 .text.RCC_Delay
                0x0000000008001b5c       0x3c Drivers/STM32F1xx_HAL_Driver/Src/stm32f1xx_hal_rcc.o
 .text.__libc_init_array
                0x0000000008001b98       0x48 c:/st/stm32cubeide_1.3.0/stm32cubeide/plugins/com.st.stm32cube.ide.mcu.externaltools.gnu-tools-for-stm32.7-2018-q2-update.win32_1.0.0.201904181610/tools/bin/../lib/gcc/arm-none-eabi/7.3.1/../../../../arm-none-eabi/lib/thumb/v7-m\libc_nano.a(lib_a-init.o)
                0x0000000008001b98                __libc_init_array
 .text.memset   0x0000000008001be0       0x10 c:/st/stm32cubeide_1.3.0/stm32cubeide/plugins/com.st.stm32cube.ide.mcu.externaltools.gnu-tools-for-stm32.7-2018-q2-update.win32_1.0.0.201904181610/tools/bin/../lib/gcc/arm-none-eabi/7.3.1/../../../../arm-none-eabi/lib/thumb/v7-m\libc_nano.a(lib_a-memset.o)
                0x0000000008001be0                memset
 *(.glue_7)
 .glue_7        0x0000000008001bf0        0x0 linker stubs
 *(.glue_7t)
 .glue_7t       0x0000000008001bf0        0x0 linker stubs
 *(.eh_frame)
 .eh_frame      0x0000000008001bf0        0x0 c:/st/stm32cubeide_1.3.0/stm32cubeide/plugins/com.st.stm32cube.ide.mcu.externaltools.gnu-tools-for-stm32.7-2018-q2-update.win32_1.0.0.201904181610/tools/bin/../lib/gcc/arm-none-eabi/7.3.1/thumb/v7-m/crtbegin.o
 *(.init)
 .init          0x0000000008001bf0        0x4 c:/st/stm32cubeide_1.3.0/stm32cubeide/plugins/com.st.stm32cube.ide.mcu.externaltools.gnu-tools-for-stm32.7-2018-q2-update.win32_1.0.0.201904181610/tools/bin/../lib/gcc/arm-none-eabi/7.3.1/thumb/v7-m/crti.o
                0x0000000008001bf0                _init
 .init          0x0000000008001bf4        0x8 c:/st/stm32cubeide_1.3.0/stm32cubeide/plugins/com.st.stm32cube.ide.mcu.externaltools.gnu-tools-for-stm32.7-2018-q2-update.win32_1.0.0.201904181610/tools/bin/../lib/gcc/arm-none-eabi/7.3.1/thumb/v7-m/crtn.o
 *(.fini)
 .fini          0x0000000008001bfc        0x4 c:/st/stm32cubeide_1.3.0/stm32cubeide/plugins/com.st.stm32cube.ide.mcu.externaltools.gnu-tools-for-stm32.7-2018-q2-update.win32_1.0.0.201904181610/tools/bin/../lib/gcc/arm-none-eabi/7.3.1/thumb/v7-m/crti.o
                0x0000000008001bfc                _fini
 .fini          0x0000000008001c00        0x8 c:/st/stm32cubeide_1.3.0/stm32cubeide/plugins/com.st.stm32cube.ide.mcu.externaltools.gnu-tools-for-stm32.7-2018-q2-update.win32_1.0.0.201904181610/tools/bin/../lib/gcc/arm-none-eabi/7.3.1/thumb/v7-m/crtn.o
                0x0000000008001c08                . = ALIGN (0x4)
                0x0000000008001c08                _etext = .

.vfp11_veneer   0x0000000008001c08        0x0
 .vfp11_veneer  0x0000000008001c08        0x0 linker stubs

.v4_bx          0x0000000008001c08        0x0
 .v4_bx         0x0000000008001c08        0x0 linker stubs

.iplt           0x0000000008001c08        0x0
 .iplt          0x0000000008001c08        0x0 c:/st/stm32cubeide_1.3.0/stm32cubeide/plugins/com.st.stm32cube.ide.mcu.externaltools.gnu-tools-for-stm32.7-2018-q2-update.win32_1.0.0.201904181610/tools/bin/../lib/gcc/arm-none-eabi/7.3.1/thumb/v7-m/crtbegin.o

.rodata         0x0000000008001c08       0x54
                0x0000000008001c08                . = ALIGN (0x4)
 *(.rodata)
 .rodata        0x0000000008001c08       0x12 Drivers/STM32F1xx_HAL_Driver/Src/stm32f1xx_hal_rcc.o
 *(.rodata*)
 *fill*         0x0000000008001c1a        0x2 
 .rodata.AHBPrescTable
                0x0000000008001c1c       0x10 Core/Src/system_stm32f1xx.o
                0x0000000008001c1c                AHBPrescTable
 .rodata.User_Uart_HwConfig
                0x0000000008001c2c       0x20 Drivers/ITC/Module/User_Uart/cfg/User_Uart_Cfg.o
 .rodata.User_Uart_ConfigPtr
                0x0000000008001c4c        0x8 Drivers/ITC/Module/User_Uart/cfg/User_Uart_Cfg.o
                0x0000000008001c4c                User_Uart_ConfigPtr
 .rodata.User_Ip_Usart_BaseAddress
                0x0000000008001c54        0x8 Drivers/ITC/Module/User_Uart/ip/usart/User_Ip_Usart.o
                0x0000000008001c5c                . = ALIGN (0x4)

.rel.dyn        0x0000000008001c5c        0x0
 .rel.iplt      0x0000000008001c5c        0x0 c:/st/stm32cubeide_1.3.0/stm32cubeide/plugins/com.st.stm32cube.ide.mcu.externaltools.gnu-tools-for-stm32.7-2018-q2-update.win32_1.0.0.201904181610/tools/bin/../lib/gcc/arm-none-eabi/7.3.1/thumb/v7-m/crtbegin.o

.ARM.extab      0x0000000008001c5c        0x0
                0x0000000008001c5c                . = ALIGN (0x4)
 *(.ARM.extab* .gnu.linkonce.armextab.*)
                0x0000000008001c5c                . = ALIGN (0x4)

.ARM            0x0000000008001c5c        0x0
                0x0000000008001c5c                . = ALIGN (0x4)
                0x0000000008001c5c                __exidx_start = .
 *(.ARM.exidx*)
                0x0000000008001c5c                __exidx_end = .
                0x0000000008001c5c                . = ALIGN (0x4)

.preinit_array  0x0000000008001c5c        0x0
                0x0000000008001c5c                . = ALIGN (0x4)
                0x0000000008001c5c                PROVIDE (__preinit_array_start = .)
 *(.preinit_array*)
                0x0000000008001c5c                PROVIDE (__preinit_array_end = .)
                0x0000000008001c5c                . = ALIGN (0x4)

.init_array     0x0000000008001c5c        0x4
                0x0000000008001c5c                . = ALIGN (0x4)
                0x0000000008001c5c                PROVIDE (__init_array_start = .)
 *(SORT_BY_NAME(.init_array.*))
 *(.init_array*)
 .init_array    0x0000000008001c5c        0x4 c:/st/stm32cubeide_1.3.0/stm32cubeide/plugins/com.st.stm32cube.ide.mcu.externaltools.gnu-tools-for-stm32.7-2018-q2-update.win32_1.0.0.201904181610/tools/bin/../lib/gcc/arm-none-eabi/7.3.1/thumb/v7-m/crtbegin.o
                0x0000000008001c60                PROVIDE (__init_array_end = .)
                0x0000000008001c60                . = ALIGN (0x4)

.fini_array     0x0000000008001c60        0x4
                0x0000000008001c60                . = ALIGN (0x4)
                [!provide]                        PROVIDE (__fini_array_start = .)
 *(SORT_BY_NAME(.fini_array.*))
 *(.fini_array*)
 .fini_array    0x0000000008001c60        0x4 c:/st/stm32cubeide_1.3.0/stm32cubeide/plugins/com.st.stm32cube.ide.mcu.externaltools.gnu-tools-for-stm32.7-2018-q2-update.win32_1.0.0.201904181610/tools/bin/../lib/gcc/arm-none-eabi/7.3.1/thumb/v7-m/crtbegin.o
                [!provide]                        PROVIDE (__fini_array_end = .)
                0x0000000008001c64                . = ALIGN (0x4)
                0x0000000008001c64                _sidata = LOADADDR (.data)

.data           0x0000000020000000       0x28 load address 0x0000000008001c64
                0x0000000020000000                . = ALIGN (0x4)
                0x0000000020000000                _sdata = .
 *(.data)
 *(.data*)
 .data.recbuff  0x0000000020000000        0xc Core/Src/main.o
                0x0000000020000000                recbuff
 .data.SystemCoreClock
                0x000000002000000c        0x4 Core/Src/system_stm32f1xx.o
                0x000000002000000c                SystemCoreClock
 .data.Buffer_Ptr_Arr
                0x0000000020000010        0x8 Drivers/ITC/Module/User_Uart/ip/usart/User_Ip_Usart.o
 .data.User_Usart_IRQn
                0x0000000020000018        0x2 Drivers/ITC/Module/User_Uart/ip/usart/User_Ip_Usart.o
 *fill*         0x000000002000001a        0x2 
 .data.UartConfigPtr
                0x000000002000001c        0x4 Drivers/ITC/Module/User_Uart/protocol/slip/User_Slip.o
                0x000000002000001c                UartConfigPtr
 .data.uwTickPrio
                0x0000000020000020        0x4 Drivers/STM32F1xx_HAL_Driver/Src/stm32f1xx_hal.o
                0x0000000020000020                uwTickPrio
 .data.uwTickFreq
                0x0000000020000024        0x1 Drivers/STM32F1xx_HAL_Driver/Src/stm32f1xx_hal.o
                0x0000000020000024                uwTickFreq
                0x0000000020000028                . = ALIGN (0x4)
 *fill*         0x0000000020000025        0x3 
                0x0000000020000028                _edata = .

.igot.plt       0x0000000020000028        0x0 load address 0x0000000008001c8c
 .igot.plt      0x0000000020000028        0x0 c:/st/stm32cubeide_1.3.0/stm32cubeide/plugins/com.st.stm32cube.ide.mcu.externaltools.gnu-tools-for-stm32.7-2018-q2-update.win32_1.0.0.201904181610/tools/bin/../lib/gcc/arm-none-eabi/7.3.1/thumb/v7-m/crtbegin.o
                0x0000000020000028                . = ALIGN (0x4)

.bss            0x0000000020000028      0x54c load address 0x0000000008001c8c
                0x0000000020000028                _sbss = .
                0x0000000020000028                __bss_start__ = _sbss
 *(.bss)
 .bss           0x0000000020000028       0x1c c:/st/stm32cubeide_1.3.0/stm32cubeide/plugins/com.st.stm32cube.ide.mcu.externaltools.gnu-tools-for-stm32.7-2018-q2-update.win32_1.0.0.201904181610/tools/bin/../lib/gcc/arm-none-eabi/7.3.1/thumb/v7-m/crtbegin.o
 *(.bss*)
 .bss.UartConfigPtr
                0x0000000020000044        0x4 Drivers/ITC/Module/User_Uart/User_Uart.o
 .bss.Buffer_Usart1Channel
                0x0000000020000048      0x10a Drivers/ITC/Module/User_Uart/ip/usart/User_Ip_Usart.o
 *fill*         0x0000000020000152        0x2 
 .bss.Buffer_Usart2Channel
                0x0000000020000154      0x10a Drivers/ITC/Module/User_Uart/ip/usart/User_Ip_Usart.o
 *fill*         0x000000002000025e        0x2 
 .bss.Buffer_Usart3Channel
                0x0000000020000260      0x10a Drivers/ITC/Module/User_Uart/ip/usart/User_Ip_Usart.o
 *fill*         0x000000002000036a        0x2 
 .bss.User_Slip_TxBuffer
                0x000000002000036c      0x204 Drivers/ITC/Module/User_Uart/protocol/slip/User_Slip.o
 *(COMMON)
 COMMON         0x0000000020000570        0x4 Drivers/STM32F1xx_HAL_Driver/Src/stm32f1xx_hal.o
                0x0000000020000570                uwTick
                0x0000000020000574                . = ALIGN (0x4)
                0x0000000020000574                _ebss = .
                0x0000000020000574                __bss_end__ = _ebss

._user_heap_stack
                0x0000000020000574      0x604 load address 0x0000000008001c8c
                0x0000000020000578                . = ALIGN (0x8)
 *fill*         0x0000000020000574        0x4 
                0x0000000020000578                PROVIDE (end = .)
                [!provide]                        PROVIDE (_end = .)
                0x0000000020000778                . = (. + _Min_Heap_Size)
 *fill*         0x0000000020000578      0x200 
                0x0000000020000b78                . = (. + _Min_Stack_Size)
 *fill*         0x0000000020000778      0x400 
                0x0000000020000b78                . = ALIGN (0x8)

/DISCARD/
 libc.a(*)
 libm.a(*)
 libgcc.a(*)

.ARM.attributes
                0x0000000000000000       0x29
 *(.ARM.attributes)
 .ARM.attributes
                0x0000000000000000       0x1d c:/st/stm32cubeide_1.3.0/stm32cubeide/plugins/com.st.stm32cube.ide.mcu.externaltools.gnu-tools-for-stm32.7-2018-q2-update.win32_1.0.0.201904181610/tools/bin/../lib/gcc/arm-none-eabi/7.3.1/thumb/v7-m/crti.o
 .ARM.attributes
                0x000000000000001d       0x2d c:/st/stm32cubeide_1.3.0/stm32cubeide/plugins/com.st.stm32cube.ide.mcu.externaltools.gnu-tools-for-stm32.7-2018-q2-update.win32_1.0.0.201904181610/tools/bin/../lib/gcc/arm-none-eabi/7.3.1/thumb/v7-m/crtbegin.o
 .ARM.attributes
                0x000000000000004a       0x33 Core/Src/gpio.o
 .ARM.attributes
                0x000000000000007d       0x33 Core/Src/main.o
 .ARM.attributes
                0x00000000000000b0       0x33 Core/Src/stm32f1xx_hal_msp.o
 .ARM.attributes
                0x00000000000000e3       0x33 Core/Src/stm32f1xx_it.o
 .ARM.attributes
                0x0000000000000116       0x33 Core/Src/system_stm32f1xx.o
 .ARM.attributes
                0x0000000000000149       0x21 Core/Startup/startup_stm32f103retx.o
 .ARM.attributes
                0x000000000000016a       0x33 Drivers/ITC/Module/User_Uart/User_Uart.o
 .ARM.attributes
                0x000000000000019d       0x33 Drivers/ITC/Module/User_Uart/User_Uart_Ipw.o
 .ARM.attributes
                0x00000000000001d0       0x33 Drivers/ITC/Module/User_Uart/cfg/User_Uart_Cfg.o
 .ARM.attributes
                0x0000000000000203       0x33 Drivers/ITC/Module/User_Uart/ip/usart/User_Ip_Usart.o
 .ARM.attributes
                0x0000000000000236       0x33 Drivers/ITC/Module/User_Uart/protocol/slip/User_Slip.o
 .ARM.attributes
                0x0000000000000269       0x33 Drivers/STM32F1xx_HAL_Driver/Src/stm32f1xx_hal.o
 .ARM.attributes
                0x000000000000029c       0x33 Drivers/STM32F1xx_HAL_Driver/Src/stm32f1xx_hal_cortex.o
 .ARM.attributes
                0x00000000000002cf       0x33 Drivers/STM32F1xx_HAL_Driver/Src/stm32f1xx_hal_gpio.o
 .ARM.attributes
                0x0000000000000302       0x33 Drivers/STM32F1xx_HAL_Driver/Src/stm32f1xx_hal_rcc.o
 .ARM.attributes
                0x0000000000000335       0x2d c:/st/stm32cubeide_1.3.0/stm32cubeide/plugins/com.st.stm32cube.ide.mcu.externaltools.gnu-tools-for-stm32.7-2018-q2-update.win32_1.0.0.201904181610/tools/bin/../lib/gcc/arm-none-eabi/7.3.1/../../../../arm-none-eabi/lib/thumb/v7-m\libc_nano.a(lib_a-init.o)
 .ARM.attributes
                0x0000000000000362       0x2d c:/st/stm32cubeide_1.3.0/stm32cubeide/plugins/com.st.stm32cube.ide.mcu.externaltools.gnu-tools-for-stm32.7-2018-q2-update.win32_1.0.0.201904181610/tools/bin/../lib/gcc/arm-none-eabi/7.3.1/../../../../arm-none-eabi/lib/thumb/v7-m\libc_nano.a(lib_a-memset.o)
 .ARM.attributes
                0x000000000000038f       0x1d c:/st/stm32cubeide_1.3.0/stm32cubeide/plugins/com.st.stm32cube.ide.mcu.externaltools.gnu-tools-for-stm32.7-2018-q2-update.win32_1.0.0.201904181610/tools/bin/../lib/gcc/arm-none-eabi/7.3.1/thumb/v7-m/crtn.o
OUTPUT(TestUart.elf elf32-littlearm)

.debug_info     0x0000000000000000     0x4d72
 .debug_info    0x0000000000000000      0x327 Core/Src/gpio.o
 .debug_info    0x0000000000000327      0x46c Core/Src/main.o
 .debug_info    0x0000000000000793      0x24e Core/Src/stm32f1xx_hal_msp.o
 .debug_info    0x00000000000009e1      0x20a Core/Src/stm32f1xx_it.o
 .debug_info    0x0000000000000beb      0x43e Core/Src/system_stm32f1xx.o
 .debug_info    0x0000000000001029       0x22 Core/Startup/startup_stm32f103retx.o
 .debug_info    0x000000000000104b      0x45c Drivers/ITC/Module/User_Uart/User_Uart.o
 .debug_info    0x00000000000014a7      0x4aa Drivers/ITC/Module/User_Uart/User_Uart_Ipw.o
 .debug_info    0x0000000000001951      0x2af Drivers/ITC/Module/User_Uart/cfg/User_Uart_Cfg.o
 .debug_info    0x0000000000001c00      0xab7 Drivers/ITC/Module/User_Uart/ip/usart/User_Ip_Usart.o
 .debug_info    0x00000000000026b7      0x4ef Drivers/ITC/Module/User_Uart/protocol/slip/User_Slip.o
 .debug_info    0x0000000000002ba6      0x77a Drivers/STM32F1xx_HAL_Driver/Src/stm32f1xx_hal.o
 .debug_info    0x0000000000003320      0xbb7 Drivers/STM32F1xx_HAL_Driver/Src/stm32f1xx_hal_cortex.o
 .debug_info    0x0000000000003ed7      0x68c Drivers/STM32F1xx_HAL_Driver/Src/stm32f1xx_hal_gpio.o
 .debug_info    0x0000000000004563      0x80f Drivers/STM32F1xx_HAL_Driver/Src/stm32f1xx_hal_rcc.o

.debug_abbrev   0x0000000000000000     0x1605
 .debug_abbrev  0x0000000000000000      0x134 Core/Src/gpio.o
 .debug_abbrev  0x0000000000000134      0x165 Core/Src/main.o
 .debug_abbrev  0x0000000000000299      0x109 Core/Src/stm32f1xx_hal_msp.o
 .debug_abbrev  0x00000000000003a2       0xc6 Core/Src/stm32f1xx_it.o
 .debug_abbrev  0x0000000000000468      0x134 Core/Src/system_stm32f1xx.o
 .debug_abbrev  0x000000000000059c       0x12 Core/Startup/startup_stm32f103retx.o
 .debug_abbrev  0x00000000000005ae      0x15f Drivers/ITC/Module/User_Uart/User_Uart.o
 .debug_abbrev  0x000000000000070d      0x13e Drivers/ITC/Module/User_Uart/User_Uart_Ipw.o
 .debug_abbrev  0x000000000000084b       0xf5 Drivers/ITC/Module/User_Uart/cfg/User_Uart_Cfg.o
 .debug_abbrev  0x0000000000000940      0x29f Drivers/ITC/Module/User_Uart/ip/usart/User_Ip_Usart.o
 .debug_abbrev  0x0000000000000bdf      0x187 Drivers/ITC/Module/User_Uart/protocol/slip/User_Slip.o
 .debug_abbrev  0x0000000000000d66      0x1c7 Drivers/STM32F1xx_HAL_Driver/Src/stm32f1xx_hal.o
 .debug_abbrev  0x0000000000000f2d      0x2d5 Drivers/STM32F1xx_HAL_Driver/Src/stm32f1xx_hal_cortex.o
 .debug_abbrev  0x0000000000001202      0x1c0 Drivers/STM32F1xx_HAL_Driver/Src/stm32f1xx_hal_gpio.o
 .debug_abbrev  0x00000000000013c2      0x243 Drivers/STM32F1xx_HAL_Driver/Src/stm32f1xx_hal_rcc.o

.debug_aranges  0x0000000000000000      0x570
 .debug_aranges
                0x0000000000000000       0x20 Core/Src/gpio.o
 .debug_aranges
                0x0000000000000020       0x30 Core/Src/main.o
 .debug_aranges
                0x0000000000000050       0x20 Core/Src/stm32f1xx_hal_msp.o
 .debug_aranges
                0x0000000000000070       0x60 Core/Src/stm32f1xx_it.o
 .debug_aranges
                0x00000000000000d0       0x28 Core/Src/system_stm32f1xx.o
 .debug_aranges
                0x00000000000000f8       0x28 Core/Startup/startup_stm32f103retx.o
 .debug_aranges
                0x0000000000000120       0x30 Drivers/ITC/Module/User_Uart/User_Uart.o
 .debug_aranges
                0x0000000000000150       0x48 Drivers/ITC/Module/User_Uart/User_Uart_Ipw.o
 .debug_aranges
                0x0000000000000198       0x18 Drivers/ITC/Module/User_Uart/cfg/User_Uart_Cfg.o
 .debug_aranges
                0x00000000000001b0       0xc0 Drivers/ITC/Module/User_Uart/ip/usart/User_Ip_Usart.o
 .debug_aranges
                0x0000000000000270       0x38 Drivers/ITC/Module/User_Uart/protocol/slip/User_Slip.o
 .debug_aranges
                0x00000000000002a8       0xe0 Drivers/STM32F1xx_HAL_Driver/Src/stm32f1xx_hal.o
 .debug_aranges
                0x0000000000000388      0x100 Drivers/STM32F1xx_HAL_Driver/Src/stm32f1xx_hal_cortex.o
 .debug_aranges
                0x0000000000000488       0x58 Drivers/STM32F1xx_HAL_Driver/Src/stm32f1xx_hal_gpio.o
 .debug_aranges
                0x00000000000004e0       0x90 Drivers/STM32F1xx_HAL_Driver/Src/stm32f1xx_hal_rcc.o

.debug_ranges   0x0000000000000000      0x480
 .debug_ranges  0x0000000000000000       0x10 Core/Src/gpio.o
 .debug_ranges  0x0000000000000010       0x20 Core/Src/main.o
 .debug_ranges  0x0000000000000030       0x10 Core/Src/stm32f1xx_hal_msp.o
 .debug_ranges  0x0000000000000040       0x50 Core/Src/stm32f1xx_it.o
 .debug_ranges  0x0000000000000090       0x18 Core/Src/system_stm32f1xx.o
 .debug_ranges  0x00000000000000a8       0x20 Core/Startup/startup_stm32f103retx.o
 .debug_ranges  0x00000000000000c8       0x20 Drivers/ITC/Module/User_Uart/User_Uart.o
 .debug_ranges  0x00000000000000e8       0x38 Drivers/ITC/Module/User_Uart/User_Uart_Ipw.o
 .debug_ranges  0x0000000000000120       0xb0 Drivers/ITC/Module/User_Uart/ip/usart/User_Ip_Usart.o
 .debug_ranges  0x00000000000001d0       0x28 Drivers/ITC/Module/User_Uart/protocol/slip/User_Slip.o
 .debug_ranges  0x00000000000001f8       0xd0 Drivers/STM32F1xx_HAL_Driver/Src/stm32f1xx_hal.o
 .debug_ranges  0x00000000000002c8       0xf0 Drivers/STM32F1xx_HAL_Driver/Src/stm32f1xx_hal_cortex.o
 .debug_ranges  0x00000000000003b8       0x48 Drivers/STM32F1xx_HAL_Driver/Src/stm32f1xx_hal_gpio.o
 .debug_ranges  0x0000000000000400       0x80 Drivers/STM32F1xx_HAL_Driver/Src/stm32f1xx_hal_rcc.o

.debug_macro    0x0000000000000000    0x15354
 .debug_macro   0x0000000000000000      0x18f Core/Src/gpio.o
 .debug_macro   0x000000000000018f      0xa5a Core/Src/gpio.o
 .debug_macro   0x0000000000000be9      0x20f Core/Src/gpio.o
 .debug_macro   0x0000000000000df8       0x2e Core/Src/gpio.o
 .debug_macro   0x0000000000000e26       0x22 Core/Src/gpio.o
 .debug_macro   0x0000000000000e48       0x22 Core/Src/gpio.o
 .debug_macro   0x0000000000000e6a       0x8e Core/Src/gpio.o
 .debug_macro   0x0000000000000ef8       0x51 Core/Src/gpio.o
 .debug_macro   0x0000000000000f49       0xef Core/Src/gpio.o
 .debug_macro   0x0000000000001038       0x6a Core/Src/gpio.o
 .debug_macro   0x00000000000010a2      0x1df Core/Src/gpio.o
 .debug_macro   0x0000000000001281       0x1c Core/Src/gpio.o
 .debug_macro   0x000000000000129d       0x22 Core/Src/gpio.o
 .debug_macro   0x00000000000012bf       0xc3 Core/Src/gpio.o
 .debug_macro   0x0000000000001382      0xd23 Core/Src/gpio.o
 .debug_macro   0x00000000000020a5     0xfd8c Core/Src/gpio.o
 .debug_macro   0x0000000000011e31       0x43 Core/Src/gpio.o
 .debug_macro   0x0000000000011e74      0x174 Core/Src/gpio.o
 .debug_macro   0x0000000000011fe8       0x5a Core/Src/gpio.o
 .debug_macro   0x0000000000012042      0x5be Core/Src/gpio.o
 .debug_macro   0x0000000000012600      0x4d5 Core/Src/gpio.o
 .debug_macro   0x0000000000012ad5      0x1cb Core/Src/gpio.o
 .debug_macro   0x0000000000012ca0      0x114 Core/Src/gpio.o
 .debug_macro   0x0000000000012db4      0x1ea Core/Src/gpio.o
 .debug_macro   0x0000000000012f9e       0x27 Core/Src/gpio.o
 .debug_macro   0x0000000000012fc5      0x144 Core/Src/gpio.o
 .debug_macro   0x0000000000013109      0x1bc Core/Src/gpio.o
 .debug_macro   0x00000000000132c5       0x30 Core/Src/gpio.o
 .debug_macro   0x00000000000132f5       0x3c Core/Src/gpio.o
 .debug_macro   0x0000000000013331       0x57 Core/Src/gpio.o
 .debug_macro   0x0000000000013388       0x88 Core/Src/gpio.o
 .debug_macro   0x0000000000013410      0x24f Core/Src/gpio.o
 .debug_macro   0x000000000001365f      0x141 Core/Src/gpio.o
 .debug_macro   0x00000000000137a0       0xb5 Core/Src/gpio.o
 .debug_macro   0x0000000000013855      0x1c3 Core/Src/main.o
 .debug_macro   0x0000000000013a18       0x46 Core/Src/main.o
 .debug_macro   0x0000000000013a5e       0xb2 Core/Src/main.o
 .debug_macro   0x0000000000013b10      0x185 Core/Src/stm32f1xx_hal_msp.o
 .debug_macro   0x0000000000013c95      0x18f Core/Src/stm32f1xx_it.o
 .debug_macro   0x0000000000013e24      0x181 Core/Src/system_stm32f1xx.o
 .debug_macro   0x0000000000013fa5      0x1cd Drivers/ITC/Module/User_Uart/User_Uart.o
 .debug_macro   0x0000000000014172       0x10 Drivers/ITC/Module/User_Uart/User_Uart.o
 .debug_macro   0x0000000000014182       0x16 Drivers/ITC/Module/User_Uart/User_Uart.o
 .debug_macro   0x0000000000014198      0x1bf Drivers/ITC/Module/User_Uart/User_Uart_Ipw.o
 .debug_macro   0x0000000000014357      0x19d Drivers/ITC/Module/User_Uart/cfg/User_Uart_Cfg.o
 .debug_macro   0x00000000000144f4      0x1c4 Drivers/ITC/Module/User_Uart/ip/usart/User_Ip_Usart.o
 .debug_macro   0x00000000000146b8      0x40d Drivers/ITC/Module/User_Uart/ip/usart/User_Ip_Usart.o
 .debug_macro   0x0000000000014ac5      0x1ce Drivers/ITC/Module/User_Uart/protocol/slip/User_Slip.o
 .debug_macro   0x0000000000014c93       0x34 Drivers/ITC/Module/User_Uart/protocol/slip/User_Slip.o
 .debug_macro   0x0000000000014cc7      0x19f Drivers/STM32F1xx_HAL_Driver/Src/stm32f1xx_hal.o
 .debug_macro   0x0000000000014e66      0x17b Drivers/STM32F1xx_HAL_Driver/Src/stm32f1xx_hal_cortex.o
 .debug_macro   0x0000000000014fe1      0x1e6 Drivers/STM32F1xx_HAL_Driver/Src/stm32f1xx_hal_gpio.o
 .debug_macro   0x00000000000151c7      0x18d Drivers/STM32F1xx_HAL_Driver/Src/stm32f1xx_hal_rcc.o

.debug_line     0x0000000000000000     0x670a
 .debug_line    0x0000000000000000      0x5f2 Core/Src/gpio.o
 .debug_line    0x00000000000005f2      0x6d2 Core/Src/main.o
 .debug_line    0x0000000000000cc4      0x5ef Core/Src/stm32f1xx_hal_msp.o
 .debug_line    0x00000000000012b3      0x68e Core/Src/stm32f1xx_it.o
 .debug_line    0x0000000000001941      0x61e Core/Src/system_stm32f1xx.o
 .debug_line    0x0000000000001f5f       0x84 Core/Startup/startup_stm32f103retx.o
 .debug_line    0x0000000000001fe3      0x76f Drivers/ITC/Module/User_Uart/User_Uart.o
 .debug_line    0x0000000000002752      0x765 Drivers/ITC/Module/User_Uart/User_Uart_Ipw.o
 .debug_line    0x0000000000002eb7      0x653 Drivers/ITC/Module/User_Uart/cfg/User_Uart_Cfg.o
 .debug_line    0x000000000000350a      0x92a Drivers/ITC/Module/User_Uart/ip/usart/User_Ip_Usart.o
 .debug_line    0x0000000000003e34      0x7f9 Drivers/ITC/Module/User_Uart/protocol/slip/User_Slip.o
 .debug_line    0x000000000000462d      0x7c8 Drivers/STM32F1xx_HAL_Driver/Src/stm32f1xx_hal.o
 .debug_line    0x0000000000004df5      0x89f Drivers/STM32F1xx_HAL_Driver/Src/stm32f1xx_hal_cortex.o
 .debug_line    0x0000000000005694      0x7ee Drivers/STM32F1xx_HAL_Driver/Src/stm32f1xx_hal_gpio.o
 .debug_line    0x0000000000005e82      0x888 Drivers/STM32F1xx_HAL_Driver/Src/stm32f1xx_hal_rcc.o

.debug_str      0x0000000000000000    0x745f8
 .debug_str     0x0000000000000000    0x70cb4 Core/Src/gpio.o
                                      0x71023 (size before relaxing)
 .debug_str     0x0000000000070cb4      0x785 Core/Src/main.o
                                      0x71752 (size before relaxing)
 .debug_str     0x0000000000071439       0x2c Core/Src/stm32f1xx_hal_msp.o
                                      0x70fc9 (size before relaxing)
 .debug_str     0x0000000000071465       0xbd Core/Src/stm32f1xx_it.o
                                      0x71014 (size before relaxing)
 .debug_str     0x0000000000071522       0xcc Core/Src/system_stm32f1xx.o
                                      0x7105e (size before relaxing)
 .debug_str     0x00000000000715ee       0x36 Core/Startup/startup_stm32f103retx.o
                                         0x5e (size before relaxing)
 .debug_str     0x0000000000071624      0x1ef Drivers/ITC/Module/User_Uart/User_Uart.o
                                      0x71794 (size before relaxing)
 .debug_str     0x0000000000071813      0x107 Drivers/ITC/Module/User_Uart/User_Uart_Ipw.o
                                      0x71780 (size before relaxing)
 .debug_str     0x000000000007191a       0x47 Drivers/ITC/Module/User_Uart/cfg/User_Uart_Cfg.o
                                      0x715c2 (size before relaxing)
 .debug_str     0x0000000000071961     0x1b2b Drivers/ITC/Module/User_Uart/ip/usart/User_Ip_Usart.o
                                      0x73234 (size before relaxing)
 .debug_str     0x000000000007348c      0x220 Drivers/ITC/Module/User_Uart/protocol/slip/User_Slip.o
                                      0x71906 (size before relaxing)
 .debug_str     0x00000000000736ac      0x6c7 Drivers/STM32F1xx_HAL_Driver/Src/stm32f1xx_hal.o
                                      0x71759 (size before relaxing)
 .debug_str     0x0000000000073d73      0x2be Drivers/STM32F1xx_HAL_Driver/Src/stm32f1xx_hal_cortex.o
                                      0x71761 (size before relaxing)
 .debug_str     0x0000000000074031      0x364 Drivers/STM32F1xx_HAL_Driver/Src/stm32f1xx_hal_gpio.o
                                      0x713a8 (size before relaxing)
 .debug_str     0x0000000000074395      0x263 Drivers/STM32F1xx_HAL_Driver/Src/stm32f1xx_hal_rcc.o
                                      0x713e1 (size before relaxing)

.comment        0x0000000000000000       0x7b
 .comment       0x0000000000000000       0x7b Core/Src/gpio.o
                                         0x7c (size before relaxing)
 .comment       0x000000000000007b       0x7c Core/Src/main.o
 .comment       0x000000000000007b       0x7c Core/Src/stm32f1xx_hal_msp.o
 .comment       0x000000000000007b       0x7c Core/Src/stm32f1xx_it.o
 .comment       0x000000000000007b       0x7c Core/Src/system_stm32f1xx.o
 .comment       0x000000000000007b       0x7c Drivers/ITC/Module/User_Uart/User_Uart.o
 .comment       0x000000000000007b       0x7c Drivers/ITC/Module/User_Uart/User_Uart_Ipw.o
 .comment       0x000000000000007b       0x7c Drivers/ITC/Module/User_Uart/cfg/User_Uart_Cfg.o
 .comment       0x000000000000007b       0x7c Drivers/ITC/Module/User_Uart/ip/usart/User_Ip_Usart.o
 .comment       0x000000000000007b       0x7c Drivers/ITC/Module/User_Uart/protocol/slip/User_Slip.o
 .comment       0x000000000000007b       0x7c Drivers/STM32F1xx_HAL_Driver/Src/stm32f1xx_hal.o
 .comment       0x000000000000007b       0x7c Drivers/STM32F1xx_HAL_Driver/Src/stm32f1xx_hal_cortex.o
 .comment       0x000000000000007b       0x7c Drivers/STM32F1xx_HAL_Driver/Src/stm32f1xx_hal_gpio.o
 .comment       0x000000000000007b       0x7c Drivers/STM32F1xx_HAL_Driver/Src/stm32f1xx_hal_rcc.o

.debug_frame    0x0000000000000000     0x1278
 .debug_frame   0x0000000000000000       0x34 Core/Src/gpio.o
 .debug_frame   0x0000000000000034       0x70 Core/Src/main.o
 .debug_frame   0x00000000000000a4       0x38 Core/Src/stm32f1xx_hal_msp.o
 .debug_frame   0x00000000000000dc      0x114 Core/Src/stm32f1xx_it.o
 .debug_frame   0x00000000000001f0       0x58 Core/Src/system_stm32f1xx.o
 .debug_frame   0x0000000000000248       0x7c Drivers/ITC/Module/User_Uart/User_Uart.o
 .debug_frame   0x00000000000002c4       0xe8 Drivers/ITC/Module/User_Uart/User_Uart_Ipw.o
 .debug_frame   0x00000000000003ac      0x310 Drivers/ITC/Module/User_Uart/ip/usart/User_Ip_Usart.o
 .debug_frame   0x00000000000006bc       0xac Drivers/ITC/Module/User_Uart/protocol/slip/User_Slip.o
 .debug_frame   0x0000000000000768      0x334 Drivers/STM32F1xx_HAL_Driver/Src/stm32f1xx_hal.o
 .debug_frame   0x0000000000000a9c      0x428 Drivers/STM32F1xx_HAL_Driver/Src/stm32f1xx_hal_cortex.o
 .debug_frame   0x0000000000000ec4      0x14c Drivers/STM32F1xx_HAL_Driver/Src/stm32f1xx_hal_gpio.o
 .debug_frame   0x0000000000001010      0x21c Drivers/STM32F1xx_HAL_Driver/Src/stm32f1xx_hal_rcc.o
 .debug_frame   0x000000000000122c       0x2c c:/st/stm32cubeide_1.3.0/stm32cubeide/plugins/com.st.stm32cube.ide.mcu.externaltools.gnu-tools-for-stm32.7-2018-q2-update.win32_1.0.0.201904181610/tools/bin/../lib/gcc/arm-none-eabi/7.3.1/../../../../arm-none-eabi/lib/thumb/v7-m\libc_nano.a(lib_a-init.o)
 .debug_frame   0x0000000000001258       0x20 c:/st/stm32cubeide_1.3.0/stm32cubeide/plugins/com.st.stm32cube.ide.mcu.externaltools.gnu-tools-for-stm32.7-2018-q2-update.win32_1.0.0.201904181610/tools/bin/../lib/gcc/arm-none-eabi/7.3.1/../../../../arm-none-eabi/lib/thumb/v7-m\libc_nano.a(lib_a-memset.o)
